Домашнее задание # 2

#работа с mdadm
sudo lshw -short | grep disk
/0/100/10/0.0.0    /dev/sda    disk       32GB Virtual disk
/0/100/10/0.1.0    /dev/sdb    disk       1073MB Virtual disk
/0/100/10/0.2.0    /dev/sdc    disk       1073MB Virtual disk
/0/100/10/0.3.0    /dev/sdd    disk       1073MB Virtual disk
/0/100/10/0.4.0    /dev/sde    disk       1073MB Virtual disk
/0/100/10/0.5.0    /dev/sdf    disk       1073MB Virtual disk
/0/100/11/2/0.0.0  /dev/cdrom  disk       VMware SATA CD00
#Создание RAID5 из 5 дисков 
mdadm --create --verbose /dev/md48 -l 5 -n 5 /dev/sd{b,c,d,e,f}
cat /proc/mdstat
Personalities : [linear] [raid0] [raid1] [raid6] [raid5] [raid4] [raid10]
md48 : active raid5 sdf[5] sde[3] sdd[2] sdc[1] sdb[0]
      4186112 blocks super 1.2 level 5, 512k chunk, algorithm 2 [5/5] [UUUUU]

unused devices: <none>
mdadm -D /dev/md48
/dev/md48:
           Version : 1.2
     Creation Time : Sun May 11 17:43:41 2025
        Raid Level : raid5
        Array Size : 4186112 (3.99 GiB 4.29 GB)
     Used Dev Size : 1046528 (1022.00 MiB 1071.64 MB)
      Raid Devices : 5
     Total Devices : 5
       Persistence : Superblock is persistent

       Update Time : Sun May 11 17:44:00 2025
             State : clean
    Active Devices : 5
   Working Devices : 5
    Failed Devices : 0
     Spare Devices : 0

            Layout : left-symmetric
        Chunk Size : 512K

Consistency Policy : resync

              Name : ubt01:48  (local to host ubt01)
              UUID : 98dcef16:57095b8f:63533414:246d74ac
            Events : 18

    Number   Major   Minor   RaidDevice State
       0       8       16        0      active sync   /dev/sdb
       1       8       32        1      active sync   /dev/sdc
       2       8       48        2      active sync   /dev/sdd
       3       8       64        3      active sync   /dev/sde
       5       8       80        4      active sync   /dev/sdf

#поломка/починка диска
mdadm /dev/md48 --fail /dev/sdd
mdadm /dev/md48 --remove /dev/sdd
mdadm /dev/md48 --add /dev/sdd
mdadm -D /dev/md48
#создание и мониторивание разделов
parted -s /dev/md48 mklabel gpt
parted /dev/md48 mkpart primary ext4 0% 20%
parted /dev/md48 mkpart primary ext4 20% 40%
parted /dev/md48 mkpart primary ext4 40% 60%
parted /dev/md48 mkpart primary ext4 60% 80%
parted /dev/md48 mkpart primary ext4 80% 100%
for i in $(seq 1 5); do sudo mkfs.ext4 /dev/md48p$i; done
mkdir -p /homework/part{1,2,3,4,5}
for i in $(seq 1 5); do mount /dev/md48p$i /homework/part$i; done
df -H
Filesystem                         Size  Used Avail Use% Mounted on
tmpfs                              207M  1.4M  205M   1% /run
efivarfs                           263k   28k  230k  11% /sys/firmware/efi/efivars
/dev/mapper/ubuntu--vg-ubuntu--lv   15G  7.1G  6.4G  53% /
tmpfs                              1.1G     0  1.1G   0% /dev/shm
tmpfs                              5.3M     0  5.3M   0% /run/lock
/dev/sda2                          2.1G  459M  1.5G  24% /boot
/dev/sda1                          1.2G  6.4M  1.2G   1% /boot/efi
tmpfs                              207M  4.1k  207M   1% /run/user/1000
/dev/md48p1                        824M   25k  765M   1% /homework/part1
/dev/md48p2                        826M   25k  767M   1% /homework/part2
/dev/md48p3                        824M   25k  765M   1% /homework/part3
/dev/md48p4                        826M   25k  767M   1% /homework/part4
/dev/md48p5                        824M   25k  765M   1% /homework/part5

