#Домашнее задание 03 

##Создать Physical Volume

root@ubt01:~# lsblk
NAME                      MAJ:MIN RM  SIZE RO TYPE MOUNTPOINTS
loop0                       7:0    0 63.8M  1 loop /snap/core20/2571
loop1                       7:1    0 63.9M  1 loop /snap/core20/2318
loop2                       7:2    0   87M  1 loop /snap/lxd/29351
loop3                       7:3    0 89.4M  1 loop /snap/lxd/31333
loop4                       7:4    0 38.8M  1 loop /snap/snapd/21759
loop5                       7:5    0 50.9M  1 loop /snap/snapd/24505
sda                         8:0    0   30G  0 disk
├─sda1                      8:1    0    1G  0 part /boot/efi
├─sda2                      8:2    0    2G  0 part /boot
└─sda3                      8:3    0 26.9G  0 part
  └─ubuntu--vg-ubuntu--lv 252:0    0 13.5G  0 lvm  /
sdb                         8:16   0    1G  0 disk
sdc                         8:32   0    1G  0 disk
sdd                         8:48   0    1G  0 disk
sde                         8:64   0    1G  0 disk
sdf                         8:80   0    1G  0 disk
sr0                        11:0    1 1024M  0 rom
root@ubt01:~# df -h
Filesystem                         Size  Used Avail Use% Mounted on
tmpfs                              197M  1.3M  196M   1% /run
efivarfs                           256K   43K  209K  18% /sys/firmware/efi/efivars
/dev/mapper/ubuntu--vg-ubuntu--lv   14G  6.1G  6.4G  49% /
tmpfs                              984M     0  984M   0% /dev/shm
tmpfs                              5.0M     0  5.0M   0% /run/lock
/dev/sda2                          2.0G  279M  1.6G  16% /boot
/dev/sda1                          1.1G  6.2M  1.1G   1% /boot/efi
tmpfs                              197M   12K  197M   1% /run/user/1000
root@ubt01:~#  lvmdiskscan
  /dev/loop0 [     <63.77 MiB]
  /dev/loop1 [     <63.95 MiB]
  /dev/sda1  [      <1.05 GiB]
  /dev/loop2 [     <87.04 MiB]
  /dev/sda2  [       2.00 GiB]
  /dev/loop3 [      89.40 MiB]
  /dev/sda3  [     <26.95 GiB] LVM physical volume
  /dev/loop4 [     <38.83 MiB]
  /dev/loop5 [      50.89 MiB]
  /dev/sdb   [       1.00 GiB]
  /dev/sdc   [       1.00 GiB]
  /dev/sdd   [       1.00 GiB]
  /dev/sde   [       1.00 GiB]
  /dev/sdf   [       1.00 GiB]
  5 disks
  8 partitions
  0 LVM physical volume whole disks
  1 LVM physical volume
root@ubt01:~# pvcreate /dev/sdb
  Physical volume "/dev/sdb" successfully create
  
##Создать Volume Group 

root@ubt01:~# vgcreate otus48 /dev/sdb
  Volume group "otus48" successfully created
root@ubt01:~# vgs
  VG        #PV #LV #SN Attr   VSize    VFree
  otus48      1   0   0 wz--n- 1020.00m 1020.00m
  ubuntu-vg   1   1   0 wz--n-  <26.95g   13.47g
root@ubt01:~# lvs
  LV        VG        Attr       LSize  Pool Origin Data%  Meta%  Move Log Cpy%Sync Convert
  ubuntu-lv ubuntu-vg -wi-ao---- 13.47g
root@ubt01:~# pvs
  PV         VG        Fmt  Attr PSize    PFree
  /dev/sda3  ubuntu-vg lvm2 a--   <26.95g   13.47g
  /dev/sdb   otus48    lvm2 a--  1020.00m 1020.00m
  
## Создать Logical Volume
  
root@ubt01:~# lvcreate -l+80%FREE -n test otus48
  Logical volume "test" created.
root@ubt01:~# lvs
  LV        VG        Attr       LSize   Pool Origin Data%  Meta%  Move Log Cpy%Sync Convert
  test      otus48    -wi-a----- 816.00m
  ubuntu-lv ubuntu-vg -wi-ao----  13.47g
root@ubt01:~# vgdisplay otus48
  --- Volume group ---
  VG Name               otus48
  System ID
  Format                lvm2
  Metadata Areas        1
  Metadata Sequence No  2
  VG Access             read/write
  VG Status             resizable
  MAX LV                0
  Cur LV                1
  Open LV               0
  Max PV                0
  Cur PV                1
  Act PV                1
  VG Size               1020.00 MiB
  PE Size               4.00 MiB
  Total PE              255
  Alloc PE / Size       204 / 816.00 MiB
  Free  PE / Size       51 / 204.00 MiB
  VG UUID               2GRR8L-tOae-91Z1-TQEW-xuwq-MXeA-U0Iiz1

root@ubt01:~# lvdisplay /dev/otus48/test
  --- Logical volume ---
  LV Path                /dev/otus48/test
  LV Name                test
  VG Name                otus48
  LV UUID                cbpgc4-3Qk5-wzfW-Hg36-EUZh-FI3y-kuILak
  LV Write Access        read/write
  LV Creation host, time ubt01, 2025-05-18 17:39:56 +0000
  LV Status              available
  # open                 0
  LV Size                816.00 MiB
  Current LE             204
  Segments               1
  Allocation             inherit
  Read ahead sectors     auto
  - currently set to     256
  Block device           252:1

root@ubt01:~# lvs
  LV        VG        Attr       LSize   Pool Origin Data%  Meta%  Move Log Cpy%Sync Convert
  test      otus48    -wi-a----- 816.00m
  ubuntu-lv ubuntu-vg -wi-ao----  13.47g

##Отформатировать и смонтировать файловую систем

root@ubt01:~# mkfs.ext4 /dev/otus48/test
mke2fs 1.47.0 (5-Feb-2023)
Creating filesystem with 208896 4k blocks and 52304 inodes
Filesystem UUID: b6e48a2b-88db-4729-b88a-b4e9d0181edb
Superblock backups stored on blocks:
        32768, 98304, 163840

Allocating group tables: done
Writing inode tables: done
Creating journal (4096 blocks): done
Writing superblocks and filesystem accounting information: done

root@ubt01:~# mount /dev/otus48/test /mnt/data
root@ubt01:~# mount | grep /mnt/data
/dev/mapper/otus48-test on /mnt/data type ext4 (rw,relatime)

##добавление в fstab

root@ubt01:~# nano /etc/fstab
# /etc/fstab: static file system information.
#
# Use 'blkid' to print the universally unique identifier for a
# device; this may be used with UUID= as a more robust way to name devices
# that works even if disks are added and removed. See fstab(5).
#
# <file system> <mount point>   <type>  <options>       <dump>  <pass>
# / was on /dev/ubuntu-vg/ubuntu-lv during curtin installation
/dev/disk/by-id/dm-uuid-LVM-Bf3NyeP5XDIJYoFSZMgj9S7AX9clNUjC59mAlooDyAwd6VN1sNwDqqvJzl7CbG7f / ext4 defaults 0 1
# /boot was on /dev/sda2 during curtin installation
/dev/disk/by-uuid/eec565b2-1131-4379-b712-7322f3546799 /boot ext4 defaults 0 1
# /boot/efi was on /dev/sda1 during curtin installation
/dev/disk/by-uuid/A616-7474 /boot/efi vfat defaults 0 1
/swap.img       none    swap    sw      0       0
/dev/mapper/otus48-test /mnt/data ext4 defaults 0 2

root@ubt01:~# systemctl daemon-reload
root@ubt01:~# sudo findmnt --verify --verbose
/
   [ ] target exists
   [ ] source /dev/disk/by-id/dm-uuid-LVM-Bf3NyeP5XDIJYoFSZMgj9S7AX9clNUjC59mAlooDyAwd6VN1sNwDqqvJzl7CbG7f exists
   [ ] FS type is ext4
/boot
   [ ] target exists
   [ ] source /dev/disk/by-uuid/eec565b2-1131-4379-b712-7322f3546799 exists
   [ ] FS type is ext4
/boot/efi
   [ ] target exists
   [ ] source /dev/disk/by-uuid/A616-7474 exists
   [ ] FS type is vfat
none
   [W] non-bind mount source /swap.img is a directory or regular file
   [ ] FS type is swap
/mnt/data
   [ ] target exists
   [ ] source /dev/mapper/otus48-test exists
   [ ] FS type is ext4

0 parse errors, 0 errors, 1 warning

##Расширить файловую систему за счёт нового диска

root@ubt01:~# pvcreate /dev/sdc
  Physical volume "/dev/sdc" successfully created.
root@ubt01:~# vgextend otus48 /dev/sdc
  Volume group "otus48" successfully extended
root@ubt01:~# pvs
  PV         VG        Fmt  Attr PSize    PFree
  /dev/sda3  ubuntu-vg lvm2 a--   <26.95g   13.47g
  /dev/sdb   otus48    lvm2 a--  1020.00m  104.00m
  /dev/sdc   otus48    lvm2 a--  1020.00m 1020.00m
root@ubt01:~# vgs
  VG        #PV #LV #SN Attr   VSize   VFree
  otus48      2   2   0 wz--n-   1.99g <1.10g
  ubuntu-vg   1   1   0 wz--n- <26.95g 13.47g
root@ubt01:~# dd if=/dev/zero of=/mnt/data/test.log bs=1M \ count=8000 status=progress
dd: unrecognized operand ' count=8000'
Try 'dd --help' for more information.
root@ubt01:~# dd if=/dev/zero of=/mnt/data/test.log bs=1M \count=8000 status=progress
721420288 bytes (721 MB, 688 MiB) copied, 8 s, 90.1 MB/s
dd: error writing '/mnt/data/test.log': No space left on device
770+0 records in
769+0 records out
806920192 bytes (807 MB, 770 MiB) copied, 8.56342 s, 94.2 MB/s
root@ubt01:~# df -Th /mnt/data/
Filesystem              Type  Size  Used Avail Use% Mounted on
/dev/mapper/otus48-test ext4  786M  770M     0 100% /mnt/data
root@ubt01:~# lvextend -l+80%FREE /dev/otus48/test
  Size of logical volume otus48/test changed from 816.00 MiB (204 extents) to <1.68 GiB (429 extents).
  Logical volume otus48/test successfully resized.
root@ubt01:~# df -Th /mnt/data
Filesystem              Type  Size  Used Avail Use% Mounted on
/dev/mapper/otus48-test ext4  786M  770M     0 100% /mnt/data

##Выполнить resize

root@ubt01:~# resize2fs /dev/otus48/test
resize2fs 1.47.0 (5-Feb-2023)
Filesystem at /dev/otus48/test is mounted on /mnt/data; on-line resizing required
old_desc_blocks = 1, new_desc_blocks = 1
The filesystem on /dev/otus48/test is now 439296 (4k) blocks long.

root@ubt01:~# df -Th /mnt/data
Filesystem              Type  Size  Used Avail Use% Mounted on
/dev/mapper/otus48-test ext4  1.7G  770M  813M  49% /mnt/data

root@ubt01:~# umount /mnt/data/
root@ubt01:~# e2fsck -fy /dev/otus48/test
e2fsck 1.47.0 (5-Feb-2023)
Pass 1: Checking inodes, blocks, and sizes
Pass 2: Checking directory structure
Pass 3: Checking directory connectivity
Pass 4: Checking reference counts
Pass 5: Checking group summary information
/dev/otus48/test: 12/104608 files (0.0% non-contiguous), 208289/439296 blocks
root@ubt01:~# resize2fs /dev/otus/test 100M
resize2fs 1.47.0 (5-Feb-2023)
open: No such file or directory while opening /dev/otus/test

root@ubt01:~# e2fsck -fy /dev/otus48/test
e2fsck 1.47.0 (5-Feb-2023)
Pass 1: Checking inodes, blocks, and sizes
Pass 2: Checking directory structure
Pass 3: Checking directory connectivity
Pass 4: Checking reference counts
Pass 5: Checking group summary information
/dev/otus48/test: 12/104608 files (0.0% non-contiguous), 208289/439296 blocks
root@ubt01:~# resize2fs /dev/otus48/test 1500M
resize2fs 1.47.0 (5-Feb-2023)
Resizing the filesystem on /dev/otus48/test to 384000 (4k) blocks.
The filesystem on /dev/otus48/test is now 384000 (4k) blocks long.
root@ubt01:~# lvreduce /dev/otus48/test -L 1500M
  WARNING: Reducing active logical volume to 1.46 GiB.
  THIS MAY DESTROY YOUR DATA (filesystem etc.)
Do you really want to reduce otus48/test? [y/n]: y
  Size of logical volume otus48/test changed from <1.68 GiB (429 extents) to 1.46 GiB (375 extents).
  Logical volume otus48/test successfully resized.
root@ubt01:~# lvs /dev/otus48/test
  LV   VG     Attr       LSize Pool Origin Data%  Meta%  Move Log Cpy%Sync Convert
  test otus48 -wi-a----- 1.46g

## работа со снaпшотами

root@ubt01:~# pvcreate /dev/sdd
  Physical volume "/dev/sdd" successfully created.
root@ubt01:~# vgextend otus48 /dev/sdd
  Volume group "otus48" successfully extended
root@ubt01:~# vgs
  VG        #PV #LV #SN Attr   VSize   VFree
  otus48      3   2   0 wz--n-  <2.99g <1.43g
  ubuntu-vg   1   1   0 wz--n- <26.95g 13.47g
root@ubt01:~# lvcreate -L 500M -s -n test-snap /dev/otus48/test
  Logical volume "test-snap" created.
root@ubt01:~# vgs
  VG        #PV #LV #SN Attr   VSize   VFree
  otus48      3   3   1 wz--n-  <2.99g 960.00m
  ubuntu-vg   1   1   0 wz--n- <26.95g  13.47g  
root@ubt01:~# mkdir -p /mnt/data-snap
root@ubt01:~# mount /dev/otus48/test-snap /mnt/data-snap/
root@ubt01:~# cd /mnt/data-snap/
root@ubt01:/mnt/data-snap# ll
total 788036
drwxr-xr-x 3 root root      4096 May 18 17:55 ./
drwxr-xr-x 4 root root      4096 May 18 18:33 ../
drwx------ 2 root root     16384 May 18 17:44 lost+found/
-rw-r--r-- 1 root root 806920192 May 18 17:55 test.log
root@ubt01:/mnt/data-snap# umount /mnt/data-snap
umount: /mnt/data-snap: target is busy.
root@ubt01:/mnt/data-snap# umount -l /mnt/data-snap
root@ubt01:/mnt/data-snap# rm /mnt/data/test.log
root@ubt01:/mnt/data# lvs
  LV        VG        Attr       LSize   Pool Origin Data%  Meta%  Move Log Cpy%Sync Convert
  test      otus48    owi-a-s---   1.46g
  test-snap otus48    swi-a-s--- 500.00m      test   0.01
  test2     otus48    -wi-a----- 100.00m
  ubuntu-lv ubuntu-vg -wi-ao----  13.47g

root@ubt01:/mnt/data# pvs -o pv_name,lv_name,seg_pe_ranges,seg_size_pe,devices
  PV         LV        PE Ranges        SSize Devices
  /dev/sda3  ubuntu-lv /dev/sda3:0-3448  3449 /dev/sda3(0)
  /dev/sda3                              3449
  /dev/sdb   test      /dev/sdb:0-203     204 /dev/sdb(0)
  /dev/sdb   test2     /dev/sdb:204-228    25 /dev/sdb(204)
  /dev/sdb   test      /dev/sdb:229-254    26 /dev/sdb(229)
  /dev/sdc   test      /dev/sdc:0-144     145 /dev/sdc(0)
  /dev/sdc                                110
  /dev/sdd   test-snap /dev/sdd:0-124     125 /dev/sdd(0)
  /dev/sdd                                130

root@ubt01:/mnt/data# lvconvert --merge /dev/otus48/test-snap
  Merging of volume otus48/test-snap started.
  otus48/test: Merged: 100.00%
root@ubt01:/mnt/data# mount /dev/otus48/test /mnt/data
root@ubt01:/mnt/data# cd /mnt/data
root@ubt01:/mnt/data# ll
total 788036
drwxr-xr-x 3 root root      4096 May 18 17:55 ./
drwxr-xr-x 4 root root      4096 May 18 18:33 ../
drwx------ 2 root root     16384 May 18 17:44 lost+found/
-rw-r--r-- 1 root root 806920192 May 18 17:55 test.log
